// Jest Snapshot v1, https://goo.gl/fbAQLP

exports[`buildBundlephobiaQueryHandler works when API request responds and details responds 1`] = `undefined`;
